Removed Member From Class: ClassName=SPI Member=SCK
Added Component: Designator=DD5(ESP-12F)
Add component (AddParameter): Name = "ExtendedParameters"; Value = "ARM® 32-bit Cortex™-M3 CPU, 
frequency up to 48 Mhz16 to 64 Kbytes of Flash
64 Kbytes of SRAM
12-channel DMA controller
USB OTG, Ethernet, 10 timers,
2 CANs, 2 ADCs, 
14 communication interfaces"; VariantName = "[No Variations]"
Add component (AddParameter): Name = "FullName"; Value = "Микросхема STM32F030F4P6 ST Microelectronics"; VariantName = "[No Variations]"
Add component (AddParameter): Name = "Functionality"; Value = "Микропроцессоры"; VariantName = "[No Variations]"
Add component (AddParameter): Name = "ID"; Value = "ESP8266"; VariantName = "[No Variations]"
Add component (AddParameter): Name = "Manufacturer"; Value = "ST Microelectronics"; VariantName = "[No Variations]"
Add component (AddParameter): Name = "Mounting"; Value = "SMT"; VariantName = "[No Variations]"
Add component (AddParameter): Name = "Package"; Value = "-"; VariantName = "[No Variations]"
Add component (AddParameter): Name = "PackageType"; Value = "TSSOP"; VariantName = "[No Variations]"
Add component (AddParameter): Name = "Part Number"; Value = "STM32F030F4P6"; VariantName = "[No Variations]"
Add component (AddParameter): Name = "TemperatureOperating_max"; Value = "85"; VariantName = "[No Variations]"
Add component (AddParameter): Name = "TemperatureOperating_min"; Value = "-40"; VariantName = "[No Variations]"
Add component (AddParameter): Name = "Type"; Value = "Микросхема"; VariantName = "[No Variations]"
Add component (AddParameter): Name = "ValueManufacturerPartNumber"; Value = "STM32F030F4P6, TSSOP-20 ST Microelectronics"; VariantName = "[No Variations]"
Add Component: Footprint Not Found RESC1608M
Add Component: Footprint Not Found RESC1608M
Add Component: Footprint Not Found RESC1608M
Add Component: Footprint Not Found RESC1608M
Add Component: Footprint Not Found RESC1608M
Add Component: Footprint Not Found B3U1000P
Added Pin To Net: NetName=RESET Pin=DD5-1
Added Pin To Net: NetName=ADC_1 Pin=DD5-2
Added Pin To Net: NetName=LENT_1 Pin=DD5-4
Added Pin To Net: NetName=Sens_1_avr Pin=DD5-5
Added Pin To Net: NetName=Sens_3_avr Pin=DD5-6
Added Pin To Net: NetName=Sens_2_avr Pin=DD5-7
Added Pin To Net: NetName=+5В_avr Pin=DD5-8
Added Pin To Net: NetName=GND Pin=DD5-9
Added Pin To Net: NetName=LENT_2 Pin=DD5-13
Added Pin To Net: NetName=Sens_4_avr Pin=DD5-14
Added Pin To Net: NetName=TX Pin=DD5-15
Added Pin To Net: NetName=RX Pin=DD5-16
Add Pin To Net: Unknown Pin: Pin R17-1
Add Pin To Net: Unknown Pin: Pin R18-1
Add Pin To Net: Unknown Pin: Pin R19-1
Add Pin To Net: Unknown Pin: Pin R21-2
Add Pin To Net: Unknown Pin: Pin SB2-2
Change Net Name : Old Net Name=+5В_avr New Net Name=+5В_avr/+3_3_ESP
Added Pin To Net: NetName=EN Pin=DD5-3
Added Net: Name=EN
Added Pin To Net: NetName=IO0 Pin=DD5-12
Added Net: Name=IO0
Added Pin To Net: NetName=IO2 Pin=DD2-24
Added Pin To Net: NetName=IO2 Pin=DD5-11
Added Pin To Net: NetName=IO2 Pin=HL1-1
Added Net: Name=IO2
Added Pin To Net: NetName=IO15 Pin=DD5-10
Added Net: Name=IO15
Added Pin To Net: NetName=SCK/DTR Pin=DD2-17
Added Pin To Net: NetName=SCK/DTR Pin=XP4-5
Added Net: Name=SCK/DTR
Added Class: Name=Лист 3. ESP8266
Added Member To Class: ClassName=SPI Member=Wire SCK/DTR
