Removed Pin From Net: NetName=Sens_1 Pin=X1-1
Removed Pin From Net: NetName=Sens_2 Pin=X1-2
Removed Pin From Net: NetName=Sens_3 Pin=X1-3
Removed Pin From Net: NetName=+24Â Pin=X1-4
Removed Pin From Net: NetName=24GND Pin=X1-5
Removed Pin From Net: NetName=Sens_4 Pin=X1-7
Removed Pin From Net: NetName=NetR1_1 Pin=X1-9
Removed Pin From Net: NetName=+5Â Pin=X1-10
Removed Pin From Net: NetName=GND Pin=X1-11
Removed Pin From Net: NetName=NetR2_1 Pin=X1-12
Removed Pin From Net: NetName=+24Â Pin=X1-13
Removed Pin From Net: NetName=24GND Pin=X1-14
Added Pin To Net: NetName=Sens_2 Pin=X1-1
Added Pin To Net: NetName=Sens_3 Pin=X1-2
Added Pin To Net: NetName=Sens_4 Pin=X1-3
Added Pin To Net: NetName=Sens_5 Pin=X1-4
Added Pin To Net: NetName=+24Â Pin=X1-5
Added Pin To Net: NetName=24GND Pin=X1-6
Added Pin To Net: NetName=Sens_1 Pin=X1-7
Added Pin To Net: NetName=+5Â Pin=X1-9
Added Pin To Net: NetName=GND Pin=X1-10
Added Pin To Net: NetName=NetR1_1 Pin=X1-11
Added Pin To Net: NetName=+5Â Pin=X1-12
Added Pin To Net: NetName=GND Pin=X1-13
Added Pin To Net: NetName=NetR2_1 Pin=X1-14
Added Pin To Net: NetName=+24Â Pin=X1-15
Added Pin To Net: NetName=24GND Pin=X1-16
