Add Component: Footprint Not Found RESC1608M
Add Component: Footprint Not Found RESC1608M
Add Component: Footprint Not Found RESC1608M
Add Component: Footprint Not Found RESC1608M
Add Component: Footprint Not Found RESC1608M
Add Component: Footprint Not Found B3U1000P
Add Pin To Net: Unknown Pin: Pin R17-1
Add Pin To Net: Unknown Pin: Pin R17-2
Add Pin To Net: Unknown Pin: Pin R18-1
Add Pin To Net: Unknown Pin: Pin R18-2
Add Pin To Net: Unknown Pin: Pin R19-1
Add Pin To Net: Unknown Pin: Pin R19-2
Add Pin To Net: Unknown Pin: Pin R20-1
Add Pin To Net: Unknown Pin: Pin R20-2
Add Pin To Net: Unknown Pin: Pin R21-1
Add Pin To Net: Unknown Pin: Pin R21-2
Add Pin To Net: Unknown Pin: Pin SB2-1
Add Pin To Net: Unknown Pin: Pin SB2-2
Add Class Member: Failed to add class member : Component R17 RC0603FR-0710KL (0603 10k 1%)
Add Class Member: Failed to add class member : Component R18 RC0603FR-0710KL (0603 10k 1%)
Add Class Member: Failed to add class member : Component R19 RC0603FR-0710KL (0603 10k 1%)
Add Class Member: Failed to add class member : Component R20 RC0603FR-07220L (0603 220 1%)
Add Class Member: Failed to add class member : Component R21 RC0603FR-0710KL (0603 10k 1%)
Add Class Member: Failed to add class member : Component SB2 Butt
