Removed Pin From Net: NetName=+24В Pin=X2-1
Removed Pin From Net: NetName=Sens_1 Pin=X2-2
Removed Pin From Net: NetName=Sens_2 Pin=X2-3
Removed Pin From Net: NetName=Sens_3 Pin=X2-4
Removed Pin From Net: NetName=Sens_4 Pin=X2-5
Removed Pin From Net: NetName=24GND Pin=X2-6
Removed Pin From Net: NetName=+24В Pin=X2-7
Removed Pin From Net: NetName=Sens_5 Pin=X2-8
Removed Pin From Net: NetName=+5В Pin=X2-9
Removed Pin From Net: NetName=NetR1_1 Pin=X2-10
Removed Pin From Net: NetName=GND Pin=X2-12
Removed Pin From Net: NetName=+5В Pin=X2-13
Removed Pin From Net: NetName=NetR2_1 Pin=X2-14
Removed Pin From Net: NetName=GND Pin=X2-15
Removed Pin From Net: NetName=24GND Pin=X2-16
Removed Member From Class: ClassName=Лист 1. Основной модуль. SchDoc Member=X2
Added Component: Designator=X1(348269160)
Added Pin To Net: NetName=Sens_1 Pin=X1-1
Added Pin To Net: NetName=Sens_2 Pin=X1-2
Added Pin To Net: NetName=Sens_3 Pin=X1-3
Added Pin To Net: NetName=+24В Pin=X1-4
Added Pin To Net: NetName=24GND Pin=X1-5
Added Pin To Net: NetName=Sens_4 Pin=X1-7
Added Pin To Net: NetName=+5В Pin=X1-8
Added Pin To Net: NetName=NetR1_1 Pin=X1-9
Added Pin To Net: NetName=+5В Pin=X1-10
Added Pin To Net: NetName=GND Pin=X1-11
Added Pin To Net: NetName=NetR2_1 Pin=X1-12
Added Pin To Net: NetName=+24В Pin=X1-13
Added Pin To Net: NetName=24GND Pin=X1-14
Added Member To Class: ClassName=Лист 1. Основной модуль. SchDoc Member=Component X1 348269160
